
> ecomerce-vercel@0.0.1 test:e2e
> jest --config ./test/jest-e2e.json --verbose --no-coverage

node.exe : PASS test/app.e2e-spec.ts (5.592 s)
At line:1 char:1
+ & "C:\nvm4w\nodejs/node.exe" 
"C:\nvm4w\nodejs/node_modules/npm/bin/np ...
+ 
~~~~~~~~~~~~~~~~~~~~~~~~~~~~~~~~~~~~~~~~~~~~~~~~~~~~~~~~~~~~~~~~~~~~~
    + CategoryInfo          : NotSpecified: (PASS test/app.e2e-spec. 
   ts (5.592 s):String) [], RemoteException
    + FullyQualifiedErrorId : NativeCommandError
 
  AppController (e2e)
    ΓêÜ / (GET) (857 ms)

FAIL test/auth/auth.e2e-spec.ts (5.712 s)
  Auth (e2e)
    POST /api/v1/auth/register
      ├ù should register a new user and return access token (42 ms)
      ├ù should fail with duplicate email (7 ms)
      ΓêÜ should fail with invalid email (5 ms)
      ΓêÜ should fail with short password (6 ms)
    POST /api/v1/auth/login
      ├ù should login with valid credentials (5 ms)
      ├ù should fail with invalid email (4 ms)
      ├ù should fail with wrong password (4 ms)
      ΓêÜ should fail with missing credentials (4 ms)
    GET /api/v1/auth/me
      ├ù should return current user info with valid token (7 ms)
      ΓêÜ should fail without token (4 ms)
      ΓêÜ should fail with invalid token (3 ms)
      ΓêÜ should fail with malformed Authorization header (6 ms)
    Protected routes
      ├ù should access protected route with valid token (3 ms)
      ΓêÜ should deny access without token (3 ms)
    Role-based access
      ├ù regular user should not access admin endpoints (3 ms)
      ├ù regular user can only access own profile (6 ms)

  ΓùÅ Auth (e2e) ΓÇ║ POST /api/v1/auth/register ΓÇ║ should register 
a new user and return access token

    expected 201 "Created", got 500 "Internal Server Error"

    [0m [90m 49 |[39m           lastName[33m:[39m 
[32m'Test'[39m[33m,[39m
     [90m 50 |[39m         })
    [31m[1m>[22m[39m[90m 51 |[39m         
[33m.[39mexpect([35m201[39m)
     [90m    |[39m          [31m[1m^[22m[39m
     [90m 52 |[39m         [33m.[39mthen((response) [33m=>[39m 
{
     [90m 53 |[39m           expect(response[33m.[39mbody[33m.[
39mdata)[33m.[39mtoHaveProperty([32m'accessToken'[39m)[33m;[39m
     [90m 54 |[39m           expect(response[33m.[39mbody[33m.[
39mdata)[33m.[39mtoHaveProperty([32m'tokenType'[39m[33m,[39m 
[32m'Bearer'[39m)[33m;[39m[0m

      at Object.<anonymous> (auth/auth.e2e-spec.ts:51:10)
      ----
      at Test._assertStatus 
(../node_modules/supertest/lib/test.js:309:14)
      at ../node_modules/supertest/lib/test.js:365:13
      at Test._assertFunction 
(../node_modules/supertest/lib/test.js:342:13)
      at Test.assert (../node_modules/supertest/lib/test.js:195:23)
      at localAssert (../node_modules/supertest/lib/test.js:138:14)
      at Server.<anonymous> 
(../node_modules/supertest/lib/test.js:152:11)

  ΓùÅ Auth (e2e) ΓÇ║ POST /api/v1/auth/register ΓÇ║ should fail with 
duplicate email

    expected 409 "Conflict", got 500 "Internal Server Error"

    [0m [90m 72 |[39m           lastName[33m:[39m 
[32m'User'[39m[33m,[39m
     [90m 73 |[39m         })
    [31m[1m>[22m[39m[90m 74 |[39m         
[33m.[39mexpect([35m409[39m)
     [90m    |[39m          [31m[1m^[22m[39m
     [90m 75 |[39m         [33m.[39mthen((response) [33m=>[39m 
{
     [90m 76 |[39m           expect(response[33m.[39mbody[33m.[
39mmessage)[33m.[39mtoContain([32m'Email ─æ├ú ─æ╞░ß╗úc sß╗¡ 
dß╗Ñng'[39m)[33m;[39m
     [90m 77 |[39m         })[33m;[39m[0m

      at Object.<anonymous> (auth/auth.e2e-spec.ts:74:10)
      ----
      at Test._assertStatus 
(../node_modules/supertest/lib/test.js:309:14)
      at ../node_modules/supertest/lib/test.js:365:13
      at Test._assertFunction 
(../node_modules/supertest/lib/test.js:342:13)
      at Test.assert (../node_modules/supertest/lib/test.js:195:23)
      at localAssert (../node_modules/supertest/lib/test.js:138:14)
      at Server.<anonymous> 
(../node_modules/supertest/lib/test.js:152:11)

  ΓùÅ Auth (e2e) ΓÇ║ POST /api/v1/auth/login ΓÇ║ should login with 
valid credentials

    expected 200 "OK", got 500 "Internal Server Error"

    [0m [90m 116 |[39m           password[33m:[39m 
[32m'SecurePassword123'[39m[33m,[39m
     [90m 117 |[39m         })
    [31m[1m>[22m[39m[90m 118 |[39m         
[33m.[39mexpect([35m200[39m)
     [90m     |[39m          [31m[1m^[22m[39m
     [90m 119 |[39m         [33m.[39mthen((response) 
[33m=>[39m {
     [90m 120 |[39m           expect(response[33m.[39mbody[33m.
[39mdata)[33m.[39mtoHaveProperty([32m'accessToken'[39m)[33m;[39
m
     [90m 121 |[39m           expect(response[33m.[39mbody[33m.
[39mdata)[33m.[39mtoHaveProperty([32m'tokenType'[39m[33m,[39m 
[32m'Bearer'[39m)[33m;[39m[0m

      at Object.<anonymous> (auth/auth.e2e-spec.ts:118:10)
      ----
      at Test._assertStatus 
(../node_modules/supertest/lib/test.js:309:14)
      at ../node_modules/supertest/lib/test.js:365:13
      at Test._assertFunction 
(../node_modules/supertest/lib/test.js:342:13)
      at Test.assert (../node_modules/supertest/lib/test.js:195:23)
      at localAssert (../node_modules/supertest/lib/test.js:138:14)
      at Server.<anonymous> 
(../node_modules/supertest/lib/test.js:152:11)

  ΓùÅ Auth (e2e) ΓÇ║ POST /api/v1/auth/login ΓÇ║ should fail with 
invalid email

    expected 401 "Unauthorized", got 500 "Internal Server Error"

    [0m [90m 131 |[39m           password[33m:[39m 
[32m'SecurePassword123'[39m[33m,[39m
     [90m 132 |[39m         })
    [31m[1m>[22m[39m[90m 133 |[39m         
[33m.[39mexpect([35m401[39m)
     [90m     |[39m          [31m[1m^[22m[39m
     [90m 134 |[39m         [33m.[39mthen((response) 
[33m=>[39m {
     [90m 135 |[39m           expect(response[33m.[39mbody[33m.
[39mmessage)[33m.[39mtoContain(
     [90m 136 |[39m             [32m'Email hoß║╖c mß║¡t khß║⌐u 
kh├┤ng ─æ├║ng'[39m[33m,[39m[0m

      at Object.<anonymous> (auth/auth.e2e-spec.ts:133:10)
      ----
      at Test._assertStatus 
(../node_modules/supertest/lib/test.js:309:14)
      at ../node_modules/supertest/lib/test.js:365:13
      at Test._assertFunction 
(../node_modules/supertest/lib/test.js:342:13)
      at Test.assert (../node_modules/supertest/lib/test.js:195:23)
      at localAssert (../node_modules/supertest/lib/test.js:138:14)
      at Server.<anonymous> 
(../node_modules/supertest/lib/test.js:152:11)

  ΓùÅ Auth (e2e) ΓÇ║ POST /api/v1/auth/login ΓÇ║ should fail with 
wrong password

    expected 401 "Unauthorized", got 500 "Internal Server Error"

    [0m [90m 146 |[39m           password[33m:[39m 
[32m'WrongPassword123'[39m[33m,[39m
     [90m 147 |[39m         })
    [31m[1m>[22m[39m[90m 148 |[39m         
[33m.[39mexpect([35m401[39m)[33m;[39m
     [90m     |[39m          [31m[1m^[22m[39m
     [90m 149 |[39m     })[33m;[39m
     [90m 150 |[39m
     [90m 151 |[39m     it([32m'should fail with missing 
credentials'[39m[33m,[39m () [33m=>[39m {[0m

      at Object.<anonymous> (auth/auth.e2e-spec.ts:148:10)
      ----
      at Test._assertStatus 
(../node_modules/supertest/lib/test.js:309:14)
      at ../node_modules/supertest/lib/test.js:365:13
      at Test._assertFunction 
(../node_modules/supertest/lib/test.js:342:13)
      at Test.assert (../node_modules/supertest/lib/test.js:195:23)
      at localAssert (../node_modules/supertest/lib/test.js:138:14)
      at Server.<anonymous> 
(../node_modules/supertest/lib/test.js:152:11)

  ΓùÅ Auth (e2e) ΓÇ║ GET /api/v1/auth/me ΓÇ║ should return current 
user info with valid token

    expected 200 "OK", got 401 "Unauthorized"

    [0m [90m 164 |[39m         
[33m.[39m[36mget[39m([32m'/api/v1/auth/me'[39m)
     [90m 165 |[39m         
[33m.[39m[36mset[39m([32m'Authorization'[39m[33m,[39m 
[32m`Bearer ${accessToken}`[39m)
    [31m[1m>[22m[39m[90m 166 |[39m         
[33m.[39mexpect([35m200[39m)
     [90m     |[39m          [31m[1m^[22m[39m
     [90m 167 |[39m         [33m.[39mthen((response) 
[33m=>[39m {
     [90m 168 |[39m           expect(response[33m.[39mbody[33m.
[39mdata[33m.[39mid)[33m.[39mtoBe(userId)[33m;[39m
     [90m 169 |[39m           expect(response[33m.[39mbody[33m.
[39mdata[33m.[39memail)[33m.[39mtoBe([32m'auth-test@example.com'
[39m)[33m;[39m[0m

      at Object.<anonymous> (auth/auth.e2e-spec.ts:166:10)
      ----
      at Test._assertStatus 
(../node_modules/supertest/lib/test.js:309:14)
      at ../node_modules/supertest/lib/test.js:365:13
      at Test._assertFunction 
(../node_modules/supertest/lib/test.js:342:13)
      at Test.assert (../node_modules/supertest/lib/test.js:195:23)
      at localAssert (../node_modules/supertest/lib/test.js:138:14)
      at Server.<anonymous> 
(../node_modules/supertest/lib/test.js:152:11)

  ΓùÅ Auth (e2e) ΓÇ║ Protected routes ΓÇ║ should access protected 
route with valid token

    expected 200 "OK", got 401 "Unauthorized"

    [0m [90m 196 |[39m         
[33m.[39m[36mget[39m([32m`/api/v1/users/${userId}`[39m)
     [90m 197 |[39m         
[33m.[39m[36mset[39m([32m'Authorization'[39m[33m,[39m 
[32m`Bearer ${accessToken}`[39m)
    [31m[1m>[22m[39m[90m 198 |[39m         
[33m.[39mexpect([35m200[39m)
     [90m     |[39m          [31m[1m^[22m[39m
     [90m 199 |[39m         [33m.[39mthen((response) 
[33m=>[39m {
     [90m 200 |[39m           expect(response[33m.[39mbody[33m.
[39mdata[33m.[39mid)[33m.[39mtoBe(userId)[33m;[39m
     [90m 201 |[39m         })[33m;[39m[0m

      at Object.<anonymous> (auth/auth.e2e-spec.ts:198:10)
      ----
      at Test._assertStatus 
(../node_modules/supertest/lib/test.js:309:14)
      at ../node_modules/supertest/lib/test.js:365:13
      at Test._assertFunction 
(../node_modules/supertest/lib/test.js:342:13)
      at Test.assert (../node_modules/supertest/lib/test.js:195:23)
      at localAssert (../node_modules/supertest/lib/test.js:138:14)
      at Server.<anonymous> 
(../node_modules/supertest/lib/test.js:152:11)

  ΓùÅ Auth (e2e) ΓÇ║ Role-based access ΓÇ║ regular user should not 
access admin endpoints

    expected 403 "Forbidden", got 401 "Unauthorized"

    [0m [90m 214 |[39m         
[33m.[39m[36mget[39m([32m'/api/v1/users'[39m)
     [90m 215 |[39m         
[33m.[39m[36mset[39m([32m'Authorization'[39m[33m,[39m 
[32m`Bearer ${accessToken}`[39m)
    [31m[1m>[22m[39m[90m 216 |[39m         
[33m.[39mexpect([35m403[39m)[33m;[39m
     [90m     |[39m          [31m[1m^[22m[39m
     [90m 217 |[39m     })[33m;[39m
     [90m 218 |[39m
     [90m 219 |[39m     it([32m'regular user can only access own 
profile'[39m[33m,[39m [36masync[39m () [33m=>[39m {[0m

      at Object.<anonymous> (auth/auth.e2e-spec.ts:216:10)
      ----
      at Test._assertStatus 
(../node_modules/supertest/lib/test.js:309:14)
      at ../node_modules/supertest/lib/test.js:365:13
      at Test._assertFunction 
(../node_modules/supertest/lib/test.js:342:13)
      at Test.assert (../node_modules/supertest/lib/test.js:195:23)
      at localAssert (../node_modules/supertest/lib/test.js:138:14)
      at Server.<anonymous> 
(../node_modules/supertest/lib/test.js:152:11)

  ΓùÅ Auth (e2e) ΓÇ║ Role-based access ΓÇ║ regular user can only 
access own profile

    TypeError: Cannot read properties of undefined (reading 'user')

    [0m [90m 228 |[39m         })[33m;[39m
     [90m 229 |[39m
    [31m[1m>[22m[39m[90m 230 |[39m       [36mconst[39m 
otherUserId [33m=[39m otherUser[33m.[39mbody[33m.[39mdata[33m.
[39muser[33m.[39mid[33m;[39m
     [90m     |[39m                                               
[31m[1m^[22m[39m
     [90m 231 |[39m
     [90m 232 |[39m       [90m// User 1 kh├┤ng thß╗â access 
profile user 2[39m
     [90m 233 |[39m       [36mawait[39m 
request(app[33m.[39mgetHttpServer())[0m

      at Object.<anonymous> (auth/auth.e2e-spec.ts:230:47)

FAIL test/auth/auth-refresh.e2e-spec.ts (5.779 s)
  Auth Refresh Token (e2e)
    Login Flow
      ├ù should register and receive both tokens (43 ms)
      ├ù login should create new refresh token (9 ms)
    POST /api/v1/auth/refresh
      ├ù should refresh access token with valid refresh token (6 ms)
      ├ù should fail with invalid refresh token (4 ms)
      ΓêÜ should fail with missing refresh token (6 ms)
    GET /api/v1/auth/sessions
      ├ù should list active sessions (5 ms)
      ΓêÜ should fail without authentication (3 ms)
    POST /api/v1/auth/logout
      ├ù should logout current session (6 ms)
      ├ù should fail to refresh with revoked token (6 ms)
    POST /api/v1/auth/logout-all
      ├ù should logout from all devices
      ├ù should fail to use any refresh token after logout-all
      ├ù should verify all tokens revoked in database (1 ms)
    DELETE /api/v1/auth/sessions/:id
      ├ù should revoke specific session
      ├ù should fail to use revoked session token
      ├ù should still work with other session token
      ├ù should fail to revoke non-existent session
    Session Metadata
      ├ù should capture device info and IP (3 ms)

  ΓùÅ Auth Refresh Token (e2e) ΓÇ║ Login Flow ΓÇ║ should register 
and receive both tokens

    expected 201 "Created", got 500 "Internal Server Error"

    [0m [90m 63 |[39m           lastName[33m:[39m 
[32m'Test'[39m[33m,[39m
     [90m 64 |[39m         })
    [31m[1m>[22m[39m[90m 65 |[39m         
[33m.[39mexpect([35m201[39m)
     [90m    |[39m          [31m[1m^[22m[39m
     [90m 66 |[39m         [33m.[39mthen((response) [33m=>[39m 
{
     [90m 67 |[39m           expect(response[33m.[39mbody[33m.[
39mdata)[33m.[39mtoHaveProperty([32m'accessToken'[39m)[33m;[39m
     [90m 68 |[39m           expect(response[33m.[39mbody[33m.[
39mdata)[33m.[39mtoHaveProperty([32m'refreshToken'[39m)[33m;[39
m[0m

      at Object.<anonymous> (auth/auth-refresh.e2e-spec.ts:65:10)
      ----
      at Test._assertStatus 
(../node_modules/supertest/lib/test.js:309:14)
      at ../node_modules/supertest/lib/test.js:365:13
      at Test._assertFunction 
(../node_modules/supertest/lib/test.js:342:13)
      at Test.assert (../node_modules/supertest/lib/test.js:195:23)
      at localAssert (../node_modules/supertest/lib/test.js:138:14)
      at Server.<anonymous> 
(../node_modules/supertest/lib/test.js:152:11)

  ΓùÅ Auth Refresh Token (e2e) ΓÇ║ Login Flow ΓÇ║ login should 
create new refresh token

    expected 200 "OK", got 500 "Internal Server Error"

    [0m [90m 89 |[39m           password[33m:[39m 
[32m'SecurePassword123'[39m[33m,[39m
     [90m 90 |[39m         })
    [31m[1m>[22m[39m[90m 91 |[39m         
[33m.[39mexpect([35m200[39m)[33m;[39m
     [90m    |[39m          [31m[1m^[22m[39m
     [90m 92 |[39m
     [90m 93 |[39m       expect(response[33m.[39mbody[33m.[39md
ata[33m.[39mrefreshToken)[33m.[39mnot[33m.[39mtoBe(refreshToken
)[33m;[39m
     [90m 94 |[39m[0m

      at Object.<anonymous> (auth/auth-refresh.e2e-spec.ts:91:10)
      ----
      at Test._assertStatus 
(../node_modules/supertest/lib/test.js:309:14)
      at ../node_modules/supertest/lib/test.js:365:13
      at Test._assertFunction 
(../node_modules/supertest/lib/test.js:342:13)
      at Test.assert (../node_modules/supertest/lib/test.js:195:23)
      at localAssert (../node_modules/supertest/lib/test.js:138:14)
      at Server.<anonymous> 
(../node_modules/supertest/lib/test.js:152:11)

  ΓùÅ Auth Refresh Token (e2e) ΓÇ║ POST /api/v1/auth/refresh ΓÇ║ 
should refresh access token with valid refresh token

    expected 200 "OK", got 400 "Bad Request"

    [0m [90m 109 |[39m           refreshToken[33m:[39m 
refreshToken[33m,[39m
     [90m 110 |[39m         })
    [31m[1m>[22m[39m[90m 111 |[39m         
[33m.[39mexpect([35m200[39m)
     [90m     |[39m          [31m[1m^[22m[39m
     [90m 112 |[39m         [33m.[39mthen((response) 
[33m=>[39m {
     [90m 113 |[39m           expect(response[33m.[39mbody[33m.
[39mdata)[33m.[39mtoHaveProperty([32m'accessToken'[39m)[33m;[39
m
     [90m 114 |[39m           expect(response[33m.[39mbody[33m.
[39mdata[33m.[39maccessToken)[33m.[39mnot[33m.[39mtoBe(accessTo
ken)[33m;[39m[0m

      at Object.<anonymous> (auth/auth-refresh.e2e-spec.ts:111:10)
      ----
      at Test._assertStatus 
(../node_modules/supertest/lib/test.js:309:14)
      at ../node_modules/supertest/lib/test.js:365:13
      at Test._assertFunction 
(../node_modules/supertest/lib/test.js:342:13)
      at Test.assert (../node_modules/supertest/lib/test.js:195:23)
      at localAssert (../node_modules/supertest/lib/test.js:138:14)
      at Server.<anonymous> 
(../node_modules/supertest/lib/test.js:152:11)

  ΓùÅ Auth Refresh Token (e2e) ΓÇ║ POST /api/v1/auth/refresh ΓÇ║ 
should fail with invalid refresh token

    expected 401 "Unauthorized", got 500 "Internal Server Error"

    [0m [90m 126 |[39m           refreshToken[33m:[39m 
[32m'invalid-refresh-token'[39m[33m,[39m
     [90m 127 |[39m         })
    [31m[1m>[22m[39m[90m 128 |[39m         
[33m.[39mexpect([35m401[39m)
     [90m     |[39m          [31m[1m^[22m[39m
     [90m 129 |[39m         [33m.[39mthen((response) 
[33m=>[39m {
     [90m 130 |[39m           expect(response[33m.[39mbody[33m.
[39mmessage)[33m.[39mtoContain([32m'Refresh token kh├┤ng hß╗úp 
lß╗ç'[39m)[33m;[39m
     [90m 131 |[39m         })[33m;[39m[0m

      at Object.<anonymous> (auth/auth-refresh.e2e-spec.ts:128:10)
      ----
      at Test._assertStatus 
(../node_modules/supertest/lib/test.js:309:14)
      at ../node_modules/supertest/lib/test.js:365:13
      at Test._assertFunction 
(../node_modules/supertest/lib/test.js:342:13)
      at Test.assert (../node_modules/supertest/lib/test.js:195:23)
      at localAssert (../node_modules/supertest/lib/test.js:138:14)
      at Server.<anonymous> 
(../node_modules/supertest/lib/test.js:152:11)

  ΓùÅ Auth Refresh Token (e2e) ΓÇ║ GET /api/v1/auth/sessions ΓÇ║ 
should list active sessions

    expected 200 "OK", got 401 "Unauthorized"

    [0m [90m 145 |[39m         
[33m.[39m[36mget[39m([32m'/api/v1/auth/sessions'[39m)
     [90m 146 |[39m         
[33m.[39m[36mset[39m([32m'Authorization'[39m[33m,[39m 
[32m`Bearer ${accessToken}`[39m)
    [31m[1m>[22m[39m[90m 147 |[39m         
[33m.[39mexpect([35m200[39m)
     [90m     |[39m          [31m[1m^[22m[39m
     [90m 148 |[39m         [33m.[39mthen((response) 
[33m=>[39m {
     [90m 149 |[39m           expect([33mArray[39m[33m.[39misAr
ray(response[33m.[39mbody[33m.[39mdata))[33m.[39mtoBe([36mtrue
[39m)[33m;[39m
     [90m 150 |[39m           expect(response[33m.[39mbody[33m.
[39mdata[33m.[39mlength)[33m.[39mtoBeGreaterThanOrEqual([35m2[3
9m)[33m;[39m[0m

      at Object.<anonymous> (auth/auth-refresh.e2e-spec.ts:147:10)
      ----
      at Test._assertStatus 
(../node_modules/supertest/lib/test.js:309:14)
      at ../node_modules/supertest/lib/test.js:365:13
      at Test._assertFunction 
(../node_modules/supertest/lib/test.js:342:13)
      at Test.assert (../node_modules/supertest/lib/test.js:195:23)
      at localAssert (../node_modules/supertest/lib/test.js:138:14)
      at Server.<anonymous> 
(../node_modules/supertest/lib/test.js:152:11)

  ΓùÅ Auth Refresh Token (e2e) ΓÇ║ POST /api/v1/auth/logout ΓÇ║ 
should logout current session

    expected 200 "OK", got 401 "Unauthorized"

    [0m [90m 171 |[39m           refreshToken[33m:[39m 
refreshToken[33m,[39m
     [90m 172 |[39m         })
    [31m[1m>[22m[39m[90m 173 |[39m         
[33m.[39mexpect([35m200[39m)
     [90m     |[39m          [31m[1m^[22m[39m
     [90m 174 |[39m         [33m.[39mthen((response) 
[33m=>[39m {
     [90m 175 |[39m           expect(response[33m.[39mbody[33m.
[39mdata[33m.[39mmessage)[33m.[39mtoBe([32m'─É─âng xuß║Ñt 
th├ánh c├┤ng'[39m)[33m;[39m
     [90m 176 |[39m         })[33m;[39m[0m

      at Object.<anonymous> (auth/auth-refresh.e2e-spec.ts:173:10)
      ----
      at Test._assertStatus 
(../node_modules/supertest/lib/test.js:309:14)
      at ../node_modules/supertest/lib/test.js:365:13
      at Test._assertFunction 
(../node_modules/supertest/lib/test.js:342:13)
      at Test.assert (../node_modules/supertest/lib/test.js:195:23)
      at localAssert (../node_modules/supertest/lib/test.js:138:14)
      at Server.<anonymous> 
(../node_modules/supertest/lib/test.js:152:11)

  ΓùÅ Auth Refresh Token (e2e) ΓÇ║ POST /api/v1/auth/logout ΓÇ║ 
should fail to refresh with revoked token

    expected 401 "Unauthorized", got 400 "Bad Request"

    [0m [90m 183 |[39m           refreshToken[33m:[39m 
refreshToken[33m,[39m
     [90m 184 |[39m         })
    [31m[1m>[22m[39m[90m 185 |[39m         
[33m.[39mexpect([35m401[39m)[33m;[39m
     [90m     |[39m          [31m[1m^[22m[39m
     [90m 186 |[39m     })[33m;[39m
     [90m 187 |[39m   })[33m;[39m
     [90m 188 |[39m[0m

      at Object.<anonymous> (auth/auth-refresh.e2e-spec.ts:185:10)
      ----
      at Test._assertStatus 
(../node_modules/supertest/lib/test.js:309:14)
      at ../node_modules/supertest/lib/test.js:365:13
      at Test._assertFunction 
(../node_modules/supertest/lib/test.js:342:13)
      at Test.assert (../node_modules/supertest/lib/test.js:195:23)
      at localAssert (../node_modules/supertest/lib/test.js:138:14)
      at Server.<anonymous> 
(../node_modules/supertest/lib/test.js:152:11)

  ΓùÅ Auth Refresh Token (e2e) ΓÇ║ POST /api/v1/auth/logout-all ΓÇ║ 
should logout from all devices

    TypeError: Cannot read properties of undefined (reading 
'accessToken')

    [0m [90m 200 |[39m         })[33m;[39m
     [90m 201 |[39m
    [31m[1m>[22m[39m[90m 202 |[39m       newAccessToken 
[33m=[39m response[33m.[39mbody[33m.[39mdata[33m.[39maccessTo
ken[33m;[39m
     [90m     |[39m                                           
[31m[1m^[22m[39m
     [90m 203 |[39m       newRefreshToken [33m=[39m response[33m
.[39mbody[33m.[39mdata[33m.[39mrefreshToken[33m;[39m
     [90m 204 |[39m     })[33m;[39m
     [90m 205 |[39m[0m

      at Object.<anonymous> (auth/auth-refresh.e2e-spec.ts:202:43)

  ΓùÅ Auth Refresh Token (e2e) ΓÇ║ POST /api/v1/auth/logout-all ΓÇ║ 
should fail to use any refresh token after logout-all

    TypeError: Cannot read properties of undefined (reading 
'accessToken')

    [0m [90m 200 |[39m         })[33m;[39m
     [90m 201 |[39m
    [31m[1m>[22m[39m[90m 202 |[39m       newAccessToken 
[33m=[39m response[33m.[39mbody[33m.[39mdata[33m.[39maccessTo
ken[33m;[39m
     [90m     |[39m                                           
[31m[1m^[22m[39m
     [90m 203 |[39m       newRefreshToken [33m=[39m response[33m
.[39mbody[33m.[39mdata[33m.[39mrefreshToken[33m;[39m
     [90m 204 |[39m     })[33m;[39m
     [90m 205 |[39m[0m

      at Object.<anonymous> (auth/auth-refresh.e2e-spec.ts:202:43)

  ΓùÅ Auth Refresh Token (e2e) ΓÇ║ POST /api/v1/auth/logout-all ΓÇ║ 
should verify all tokens revoked in database

    TypeError: Cannot read properties of undefined (reading 
'accessToken')

    [0m [90m 200 |[39m         })[33m;[39m
     [90m 201 |[39m
    [31m[1m>[22m[39m[90m 202 |[39m       newAccessToken 
[33m=[39m response[33m.[39mbody[33m.[39mdata[33m.[39maccessTo
ken[33m;[39m
     [90m     |[39m                                           
[31m[1m^[22m[39m
     [90m 203 |[39m       newRefreshToken [33m=[39m response[33m
.[39mbody[33m.[39mdata[33m.[39mrefreshToken[33m;[39m
     [90m 204 |[39m     })[33m;[39m
     [90m 205 |[39m[0m

      at Object.<anonymous> (auth/auth-refresh.e2e-spec.ts:202:43)

  ΓùÅ Auth Refresh Token (e2e) ΓÇ║ DELETE /api/v1/auth/sessions/:id 
ΓÇ║ should revoke specific session

    TypeError: Cannot read properties of undefined (reading 
'refreshToken')

    [0m [90m 257 |[39m         })[33m;[39m
     [90m 258 |[39m
    [31m[1m>[22m[39m[90m 259 |[39m       session1Token 
[33m=[39m session1[33m.[39mbody[33m.[39mdata[33m.[39mrefreshT
oken[33m;[39m
     [90m     |[39m                                          
[31m[1m^[22m[39m
     [90m 260 |[39m       session2Token [33m=[39m session2[33m.
[39mbody[33m.[39mdata[33m.[39mrefreshToken[33m;[39m
     [90m 261 |[39m       currentAccessToken [33m=[39m session2[
33m.[39mbody[33m.[39mdata[33m.[39maccessToken[33m;[39m
     [90m 262 |[39m[0m

      at Object.<anonymous> (auth/auth-refresh.e2e-spec.ts:259:42)

  ΓùÅ Auth Refresh Token (e2e) ΓÇ║ DELETE /api/v1/auth/sessions/:id 
ΓÇ║ should fail to use revoked session token

    TypeError: Cannot read properties of undefined (reading 
'refreshToken')

    [0m [90m 257 |[39m         })[33m;[39m
     [90m 258 |[39m
    [31m[1m>[22m[39m[90m 259 |[39m       session1Token 
[33m=[39m session1[33m.[39mbody[33m.[39mdata[33m.[39mrefreshT
oken[33m;[39m
     [90m     |[39m                                          
[31m[1m^[22m[39m
     [90m 260 |[39m       session2Token [33m=[39m session2[33m.
[39mbody[33m.[39mdata[33m.[39mrefreshToken[33m;[39m
     [90m 261 |[39m       currentAccessToken [33m=[39m session2[
33m.[39mbody[33m.[39mdata[33m.[39maccessToken[33m;[39m
     [90m 262 |[39m[0m

      at Object.<anonymous> (auth/auth-refresh.e2e-spec.ts:259:42)

  ΓùÅ Auth Refresh Token (e2e) ΓÇ║ DELETE /api/v1/auth/sessions/:id 
ΓÇ║ should still work with other session token

    TypeError: Cannot read properties of undefined (reading 
'refreshToken')

    [0m [90m 257 |[39m         })[33m;[39m
     [90m 258 |[39m
    [31m[1m>[22m[39m[90m 259 |[39m       session1Token 
[33m=[39m session1[33m.[39mbody[33m.[39mdata[33m.[39mrefreshT
oken[33m;[39m
     [90m     |[39m                                          
[31m[1m^[22m[39m
     [90m 260 |[39m       session2Token [33m=[39m session2[33m.
[39mbody[33m.[39mdata[33m.[39mrefreshToken[33m;[39m
     [90m 261 |[39m       currentAccessToken [33m=[39m session2[
33m.[39mbody[33m.[39mdata[33m.[39maccessToken[33m;[39m
     [90m 262 |[39m[0m

      at Object.<anonymous> (auth/auth-refresh.e2e-spec.ts:259:42)

  ΓùÅ Auth Refresh Token (e2e) ΓÇ║ DELETE /api/v1/auth/sessions/:id 
ΓÇ║ should fail to revoke non-existent session

    TypeError: Cannot read properties of undefined (reading 
'refreshToken')

    [0m [90m 257 |[39m         })[33m;[39m
     [90m 258 |[39m
    [31m[1m>[22m[39m[90m 259 |[39m       session1Token 
[33m=[39m session1[33m.[39mbody[33m.[39mdata[33m.[39mrefreshT
oken[33m;[39m
     [90m     |[39m                                          
[31m[1m^[22m[39m
     [90m 260 |[39m       session2Token [33m=[39m session2[33m.
[39mbody[33m.[39mdata[33m.[39mrefreshToken[33m;[39m
     [90m 261 |[39m       currentAccessToken [33m=[39m session2[
33m.[39mbody[33m.[39mdata[33m.[39maccessToken[33m;[39m
     [90m 262 |[39m[0m

      at Object.<anonymous> (auth/auth-refresh.e2e-spec.ts:259:42)

  ΓùÅ Auth Refresh Token (e2e) ΓÇ║ Session Metadata ΓÇ║ should 
capture device info and IP

    TypeError: Cannot read properties of undefined (reading 
'accessToken')

    [0m [90m 316 |[39m         })[33m;[39m
     [90m 317 |[39m
    [31m[1m>[22m[39m[90m 318 |[39m       [36mconst[39m 
accessToken [33m=[39m response[33m.[39mbody[33m.[39mdata[33m.
[39maccessToken[33m;[39m
     [90m     |[39m                                              
[31m[1m^[22m[39m
     [90m 319 |[39m
     [90m 320 |[39m       [36mconst[39m sessions [33m=[39m 
[36mawait[39m request(app[33m.[39mgetHttpServer())
     [90m 321 |[39m         
[33m.[39m[36mget[39m([32m'/api/v1/auth/sessions'[39m)[0m

      at Object.<anonymous> (auth/auth-refresh.e2e-spec.ts:318:46)

FAIL test/users/users.e2e-spec.ts (6.731 s)
  Users Fixed (e2e)
    POST /api/v1/users
      ├ù should create a new user (4 ms)
      ├ù should fail with invalid email
      ├ù should fail with short password
    GET /api/v1/users
      ├ù should return paginated users (1 ms)
    GET /api/v1/users/:id
      ├ù admin should get any user
      ├ù user should get self
      ├ù user should not get other user
      ├ù should return 404 for non-existent user
    PATCH /api/v1/users/:id
      ├ù admin should update any user
      ├ù user should update self
      ├ù user should not update other user
      ├ù should fail with invalid data
      ├ù should return 404 when updating non-existent user
    DELETE /api/v1/users/:id
      ├ù admin should delete a user (1 ms)
      ├ù user should not delete (forbidden)
      ├ù should return 404 when deleting non-existent user (1 ms)
    Auth guard checks
      ├ù should return 401 without token
      ├ù should return 403 if not admin on admin-only route (1 ms)

  ΓùÅ Users Fixed (e2e) ΓÇ║ POST /api/v1/users ΓÇ║ should create a 
new user

    TypeError: Cannot read properties of undefined (reading 
'accessToken')

    [0m [90m 48 |[39m       })[33m;[39m
     [90m 49 |[39m
    [31m[1m>[22m[39m[90m 50 |[39m     adminToken [33m=[39m lo
ginResponse[33m.[39mbody[33m.[39mdata[33m.[39maccessToken[33m;
[39m
     [90m    |[39m                                          
[31m[1m^[22m[39m
     [90m 51 |[39m   })[33m;[39m
     [90m 52 |[39m
     [90m 53 |[39m   afterAll([36masync[39m () [33m=>[39m {[0m

      at Object.<anonymous> (users/users.e2e-spec.ts:50:42)

  ΓùÅ Users Fixed (e2e) ΓÇ║ POST /api/v1/users ΓÇ║ should fail with 
invalid email

    TypeError: Cannot read properties of undefined (reading 
'accessToken')

    [0m [90m 48 |[39m       })[33m;[39m
     [90m 49 |[39m
    [31m[1m>[22m[39m[90m 50 |[39m     adminToken [33m=[39m lo
ginResponse[33m.[39mbody[33m.[39mdata[33m.[39maccessToken[33m;
[39m
     [90m    |[39m                                          
[31m[1m^[22m[39m
     [90m 51 |[39m   })[33m;[39m
     [90m 52 |[39m
     [90m 53 |[39m   afterAll([36masync[39m () [33m=>[39m {[0m

      at Object.<anonymous> (users/users.e2e-spec.ts:50:42)

  ΓùÅ Users Fixed (e2e) ΓÇ║ POST /api/v1/users ΓÇ║ should fail with 
short password

    TypeError: Cannot read properties of undefined (reading 
'accessToken')

    [0m [90m 48 |[39m       })[33m;[39m
     [90m 49 |[39m
    [31m[1m>[22m[39m[90m 50 |[39m     adminToken [33m=[39m lo
ginResponse[33m.[39mbody[33m.[39mdata[33m.[39maccessToken[33m;
[39m
     [90m    |[39m                                          
[31m[1m^[22m[39m
     [90m 51 |[39m   })[33m;[39m
     [90m 52 |[39m
     [90m 53 |[39m   afterAll([36masync[39m () [33m=>[39m {[0m

      at Object.<anonymous> (users/users.e2e-spec.ts:50:42)

  ΓùÅ Users Fixed (e2e) ΓÇ║ GET /api/v1/users ΓÇ║ should return 
paginated users

    TypeError: Cannot read properties of undefined (reading 
'accessToken')

    [0m [90m 48 |[39m       })[33m;[39m
     [90m 49 |[39m
    [31m[1m>[22m[39m[90m 50 |[39m     adminToken [33m=[39m lo
ginResponse[33m.[39mbody[33m.[39mdata[33m.[39maccessToken[33m;
[39m
     [90m    |[39m                                          
[31m[1m^[22m[39m
     [90m 51 |[39m   })[33m;[39m
     [90m 52 |[39m
     [90m 53 |[39m   afterAll([36masync[39m () [33m=>[39m {[0m

      at Object.<anonymous> (users/users.e2e-spec.ts:50:42)

  ΓùÅ Users Fixed (e2e) ΓÇ║ GET /api/v1/users/:id ΓÇ║ admin should 
get any user

    TypeError: Cannot read properties of undefined (reading 
'accessToken')

    [0m [90m 48 |[39m       })[33m;[39m
     [90m 49 |[39m
    [31m[1m>[22m[39m[90m 50 |[39m     adminToken [33m=[39m lo
ginResponse[33m.[39mbody[33m.[39mdata[33m.[39maccessToken[33m;
[39m
     [90m    |[39m                                          
[31m[1m^[22m[39m
     [90m 51 |[39m   })[33m;[39m
     [90m 52 |[39m
     [90m 53 |[39m   afterAll([36masync[39m () [33m=>[39m {[0m

      at Object.<anonymous> (users/users.e2e-spec.ts:50:42)

  ΓùÅ Users Fixed (e2e) ΓÇ║ GET /api/v1/users/:id ΓÇ║ admin should 
get any user

    TypeError: Cannot read properties of undefined (reading 
'accessToken')

    [0m [90m 153 |[39m           password[33m:[39m 
[32m'UserPassword123'[39m[33m,[39m
     [90m 154 |[39m         })[33m;[39m
    [31m[1m>[22m[39m[90m 155 |[39m       userToken [33m=[39m 
loginResponse[33m.[39mbody[33m.[39mdata[33m.[39maccessToken[33
m;[39m
     [90m     |[39m                                           
[31m[1m^[22m[39m
     [90m 156 |[39m     })[33m;[39m
     [90m 157 |[39m
     [90m 158 |[39m     afterAll([36masync[39m () [33m=>[39m 
{[0m

      at Object.<anonymous> (users/users.e2e-spec.ts:155:43)

  ΓùÅ Users Fixed (e2e) ΓÇ║ GET /api/v1/users/:id ΓÇ║ user should 
get self

    TypeError: Cannot read properties of undefined (reading 
'accessToken')

    [0m [90m 48 |[39m       })[33m;[39m
     [90m 49 |[39m
    [31m[1m>[22m[39m[90m 50 |[39m     adminToken [33m=[39m lo
ginResponse[33m.[39mbody[33m.[39mdata[33m.[39maccessToken[33m;
[39m
     [90m    |[39m                                          
[31m[1m^[22m[39m
     [90m 51 |[39m   })[33m;[39m
     [90m 52 |[39m
     [90m 53 |[39m   afterAll([36masync[39m () [33m=>[39m {[0m

      at Object.<anonymous> (users/users.e2e-spec.ts:50:42)

  ΓùÅ Users Fixed (e2e) ΓÇ║ GET /api/v1/users/:id ΓÇ║ user should 
get self

    TypeError: Cannot read properties of undefined (reading 
'accessToken')

    [0m [90m 153 |[39m           password[33m:[39m 
[32m'UserPassword123'[39m[33m,[39m
     [90m 154 |[39m         })[33m;[39m
    [31m[1m>[22m[39m[90m 155 |[39m       userToken [33m=[39m 
loginResponse[33m.[39mbody[33m.[39mdata[33m.[39maccessToken[33
m;[39m
     [90m     |[39m                                           
[31m[1m^[22m[39m
     [90m 156 |[39m     })[33m;[39m
     [90m 157 |[39m
     [90m 158 |[39m     afterAll([36masync[39m () [33m=>[39m 
{[0m

      at Object.<anonymous> (users/users.e2e-spec.ts:155:43)

  ΓùÅ Users Fixed (e2e) ΓÇ║ GET /api/v1/users/:id ΓÇ║ user should 
not get other user

    TypeError: Cannot read properties of undefined (reading 
'accessToken')

    [0m [90m 48 |[39m       })[33m;[39m
     [90m 49 |[39m
    [31m[1m>[22m[39m[90m 50 |[39m     adminToken [33m=[39m lo
ginResponse[33m.[39mbody[33m.[39mdata[33m.[39maccessToken[33m;
[39m
     [90m    |[39m                                          
[31m[1m^[22m[39m
     [90m 51 |[39m   })[33m;[39m
     [90m 52 |[39m
     [90m 53 |[39m   afterAll([36masync[39m () [33m=>[39m {[0m

      at Object.<anonymous> (users/users.e2e-spec.ts:50:42)

  ΓùÅ Users Fixed (e2e) ΓÇ║ GET /api/v1/users/:id ΓÇ║ user should 
not get other user

    TypeError: Cannot read properties of undefined (reading 
'accessToken')

    [0m [90m 153 |[39m           password[33m:[39m 
[32m'UserPassword123'[39m[33m,[39m
     [90m 154 |[39m         })[33m;[39m
    [31m[1m>[22m[39m[90m 155 |[39m       userToken [33m=[39m 
loginResponse[33m.[39mbody[33m.[39mdata[33m.[39maccessToken[33
m;[39m
     [90m     |[39m                                           
[31m[1m^[22m[39m
     [90m 156 |[39m     })[33m;[39m
     [90m 157 |[39m
     [90m 158 |[39m     afterAll([36masync[39m () [33m=>[39m 
{[0m

      at Object.<anonymous> (users/users.e2e-spec.ts:155:43)

  ΓùÅ Users Fixed (e2e) ΓÇ║ GET /api/v1/users/:id ΓÇ║ should return 
404 for non-existent user

    TypeError: Cannot read properties of undefined (reading 
'accessToken')

    [0m [90m 48 |[39m       })[33m;[39m
     [90m 49 |[39m
    [31m[1m>[22m[39m[90m 50 |[39m     adminToken [33m=[39m lo
ginResponse[33m.[39mbody[33m.[39mdata[33m.[39maccessToken[33m;
[39m
     [90m    |[39m                                          
[31m[1m^[22m[39m
     [90m 51 |[39m   })[33m;[39m
     [90m 52 |[39m
     [90m 53 |[39m   afterAll([36masync[39m () [33m=>[39m {[0m

      at Object.<anonymous> (users/users.e2e-spec.ts:50:42)

  ΓùÅ Users Fixed (e2e) ΓÇ║ GET /api/v1/users/:id ΓÇ║ should return 
404 for non-existent user

    TypeError: Cannot read properties of undefined (reading 
'accessToken')

    [0m [90m 153 |[39m           password[33m:[39m 
[32m'UserPassword123'[39m[33m,[39m
     [90m 154 |[39m         })[33m;[39m
    [31m[1m>[22m[39m[90m 155 |[39m       userToken [33m=[39m 
loginResponse[33m.[39mbody[33m.[39mdata[33m.[39maccessToken[33
m;[39m
     [90m     |[39m                                           
[31m[1m^[22m[39m
     [90m 156 |[39m     })[33m;[39m
     [90m 157 |[39m
     [90m 158 |[39m     afterAll([36masync[39m () [33m=>[39m 
{[0m

      at Object.<anonymous> (users/users.e2e-spec.ts:155:43)

  ΓùÅ Users Fixed (e2e) ΓÇ║ PATCH /api/v1/users/:id ΓÇ║ admin should 
update any user

    TypeError: Cannot read properties of undefined (reading 
'accessToken')

    [0m [90m 48 |[39m       })[33m;[39m
     [90m 49 |[39m
    [31m[1m>[22m[39m[90m 50 |[39m     adminToken [33m=[39m lo
ginResponse[33m.[39mbody[33m.[39mdata[33m.[39maccessToken[33m;
[39m
     [90m    |[39m                                          
[31m[1m^[22m[39m
     [90m 51 |[39m   })[33m;[39m
     [90m 52 |[39m
     [90m 53 |[39m   afterAll([36masync[39m () [33m=>[39m {[0m

      at Object.<anonymous> (users/users.e2e-spec.ts:50:42)

  ΓùÅ Users Fixed (e2e) ΓÇ║ PATCH /api/v1/users/:id ΓÇ║ admin should 
update any user

    TypeError: Cannot read properties of undefined (reading 
'accessToken')

    [0m [90m 218 |[39m           password[33m:[39m 
[32m'PatchPassword123'[39m[33m,[39m
     [90m 219 |[39m         })[33m;[39m
    [31m[1m>[22m[39m[90m 220 |[39m       patchUserToken 
[33m=[39m loginResponse[33m.[39mbody[33m.[39mdata[33m.[39macc
essToken[33m;[39m
     [90m     |[39m                                                
[31m[1m^[22m[39m
     [90m 221 |[39m     })[33m;[39m
     [90m 222 |[39m
     [90m 223 |[39m     afterAll([36masync[39m () [33m=>[39m 
{[0m

      at Object.<anonymous> (users/users.e2e-spec.ts:220:48)

  ΓùÅ Users Fixed (e2e) ΓÇ║ PATCH /api/v1/users/:id ΓÇ║ user should 
update self

    TypeError: Cannot read properties of undefined (reading 
'accessToken')

    [0m [90m 48 |[39m       })[33m;[39m
     [90m 49 |[39m
    [31m[1m>[22m[39m[90m 50 |[39m     adminToken [33m=[39m lo
ginResponse[33m.[39mbody[33m.[39mdata[33m.[39maccessToken[33m;
[39m
     [90m    |[39m                                          
[31m[1m^[22m[39m
     [90m 51 |[39m   })[33m;[39m
     [90m 52 |[39m
     [90m 53 |[39m   afterAll([36masync[39m () [33m=>[39m {[0m

      at Object.<anonymous> (users/users.e2e-spec.ts:50:42)

  ΓùÅ Users Fixed (e2e) ΓÇ║ PATCH /api/v1/users/:id ΓÇ║ user should 
update self

    TypeError: Cannot read properties of undefined (reading 
'accessToken')

    [0m [90m 218 |[39m           password[33m:[39m 
[32m'PatchPassword123'[39m[33m,[39m
     [90m 219 |[39m         })[33m;[39m
    [31m[1m>[22m[39m[90m 220 |[39m       patchUserToken 
[33m=[39m loginResponse[33m.[39mbody[33m.[39mdata[33m.[39macc
essToken[33m;[39m
     [90m     |[39m                                                
[31m[1m^[22m[39m
     [90m 221 |[39m     })[33m;[39m
     [90m 222 |[39m
     [90m 223 |[39m     afterAll([36masync[39m () [33m=>[39m 
{[0m

      at Object.<anonymous> (users/users.e2e-spec.ts:220:48)

  ΓùÅ Users Fixed (e2e) ΓÇ║ PATCH /api/v1/users/:id ΓÇ║ user should 
not update other user

    TypeError: Cannot read properties of undefined (reading 
'accessToken')

    [0m [90m 48 |[39m       })[33m;[39m
     [90m 49 |[39m
    [31m[1m>[22m[39m[90m 50 |[39m     adminToken [33m=[39m lo
ginResponse[33m.[39mbody[33m.[39mdata[33m.[39maccessToken[33m;
[39m
     [90m    |[39m                                          
[31m[1m^[22m[39m
     [90m 51 |[39m   })[33m;[39m
     [90m 52 |[39m
     [90m 53 |[39m   afterAll([36masync[39m () [33m=>[39m {[0m

      at Object.<anonymous> (users/users.e2e-spec.ts:50:42)

  ΓùÅ Users Fixed (e2e) ΓÇ║ PATCH /api/v1/users/:id ΓÇ║ user should 
not update other user

    TypeError: Cannot read properties of undefined (reading 
'accessToken')

    [0m [90m 218 |[39m           password[33m:[39m 
[32m'PatchPassword123'[39m[33m,[39m
     [90m 219 |[39m         })[33m;[39m
    [31m[1m>[22m[39m[90m 220 |[39m       patchUserToken 
[33m=[39m loginResponse[33m.[39mbody[33m.[39mdata[33m.[39macc
essToken[33m;[39m
     [90m     |[39m                                                
[31m[1m^[22m[39m
     [90m 221 |[39m     })[33m;[39m
     [90m 222 |[39m
     [90m 223 |[39m     afterAll([36masync[39m () [33m=>[39m 
{[0m

      at Object.<anonymous> (users/users.e2e-spec.ts:220:48)

  ΓùÅ Users Fixed (e2e) ΓÇ║ PATCH /api/v1/users/:id ΓÇ║ should fail 
with invalid data

    TypeError: Cannot read properties of undefined (reading 
'accessToken')

    [0m [90m 48 |[39m       })[33m;[39m
     [90m 49 |[39m
    [31m[1m>[22m[39m[90m 50 |[39m     adminToken [33m=[39m lo
ginResponse[33m.[39mbody[33m.[39mdata[33m.[39maccessToken[33m;
[39m
     [90m    |[39m                                          
[31m[1m^[22m[39m
     [90m 51 |[39m   })[33m;[39m
     [90m 52 |[39m
     [90m 53 |[39m   afterAll([36masync[39m () [33m=>[39m {[0m

      at Object.<anonymous> (users/users.e2e-spec.ts:50:42)

  ΓùÅ Users Fixed (e2e) ΓÇ║ PATCH /api/v1/users/:id ΓÇ║ should fail 
with invalid data

    TypeError: Cannot read properties of undefined (reading 
'accessToken')

    [0m [90m 218 |[39m           password[33m:[39m 
[32m'PatchPassword123'[39m[33m,[39m
     [90m 219 |[39m         })[33m;[39m
    [31m[1m>[22m[39m[90m 220 |[39m       patchUserToken 
[33m=[39m loginResponse[33m.[39mbody[33m.[39mdata[33m.[39macc
essToken[33m;[39m
     [90m     |[39m                                                
[31m[1m^[22m[39m
     [90m 221 |[39m     })[33m;[39m
     [90m 222 |[39m
     [90m 223 |[39m     afterAll([36masync[39m () [33m=>[39m 
{[0m

      at Object.<anonymous> (users/users.e2e-spec.ts:220:48)

  ΓùÅ Users Fixed (e2e) ΓÇ║ PATCH /api/v1/users/:id ΓÇ║ should 
return 404 when updating non-existent user

    TypeError: Cannot read properties of undefined (reading 
'accessToken')

    [0m [90m 48 |[39m       })[33m;[39m
     [90m 49 |[39m
    [31m[1m>[22m[39m[90m 50 |[39m     adminToken [33m=[39m lo
ginResponse[33m.[39mbody[33m.[39mdata[33m.[39maccessToken[33m;
[39m
     [90m    |[39m                                          
[31m[1m^[22m[39m
     [90m 51 |[39m   })[33m;[39m
     [90m 52 |[39m
     [90m 53 |[39m   afterAll([36masync[39m () [33m=>[39m {[0m

      at Object.<anonymous> (users/users.e2e-spec.ts:50:42)

  ΓùÅ Users Fixed (e2e) ΓÇ║ PATCH /api/v1/users/:id ΓÇ║ should 
return 404 when updating non-existent user

    TypeError: Cannot read properties of undefined (reading 
'accessToken')

    [0m [90m 218 |[39m           password[33m:[39m 
[32m'PatchPassword123'[39m[33m,[39m
     [90m 219 |[39m         })[33m;[39m
    [31m[1m>[22m[39m[90m 220 |[39m       patchUserToken 
[33m=[39m loginResponse[33m.[39mbody[33m.[39mdata[33m.[39macc
essToken[33m;[39m
     [90m     |[39m                                                
[31m[1m^[22m[39m
     [90m 221 |[39m     })[33m;[39m
     [90m 222 |[39m
     [90m 223 |[39m     afterAll([36masync[39m () [33m=>[39m 
{[0m

      at Object.<anonymous> (users/users.e2e-spec.ts:220:48)

  ΓùÅ Users Fixed (e2e) ΓÇ║ DELETE /api/v1/users/:id ΓÇ║ admin 
should delete a user

    TypeError: Cannot read properties of undefined (reading 
'accessToken')

    [0m [90m 48 |[39m       })[33m;[39m
     [90m 49 |[39m
    [31m[1m>[22m[39m[90m 50 |[39m     adminToken [33m=[39m lo
ginResponse[33m.[39mbody[33m.[39mdata[33m.[39maccessToken[33m;
[39m
     [90m    |[39m                                          
[31m[1m^[22m[39m
     [90m 51 |[39m   })[33m;[39m
     [90m 52 |[39m
     [90m 53 |[39m   afterAll([36masync[39m () [33m=>[39m {[0m

      at Object.<anonymous> (users/users.e2e-spec.ts:50:42)

  ΓùÅ Users Fixed (e2e) ΓÇ║ DELETE /api/v1/users/:id ΓÇ║ user should 
not delete (forbidden)

    TypeError: Cannot read properties of undefined (reading 
'accessToken')

    [0m [90m 48 |[39m       })[33m;[39m
     [90m 49 |[39m
    [31m[1m>[22m[39m[90m 50 |[39m     adminToken [33m=[39m lo
ginResponse[33m.[39mbody[33m.[39mdata[33m.[39maccessToken[33m;
[39m
     [90m    |[39m                                          
[31m[1m^[22m[39m
     [90m 51 |[39m   })[33m;[39m
     [90m 52 |[39m
     [90m 53 |[39m   afterAll([36masync[39m () [33m=>[39m {[0m

      at Object.<anonymous> (users/users.e2e-spec.ts:50:42)

  ΓùÅ Users Fixed (e2e) ΓÇ║ DELETE /api/v1/users/:id ΓÇ║ should 
return 404 when deleting non-existent user

    TypeError: Cannot read properties of undefined (reading 
'accessToken')

    [0m [90m 48 |[39m       })[33m;[39m
     [90m 49 |[39m
    [31m[1m>[22m[39m[90m 50 |[39m     adminToken [33m=[39m lo
ginResponse[33m.[39mbody[33m.[39mdata[33m.[39maccessToken[33m;
[39m
     [90m    |[39m                                          
[31m[1m^[22m[39m
     [90m 51 |[39m   })[33m;[39m
     [90m 52 |[39m
     [90m 53 |[39m   afterAll([36masync[39m () [33m=>[39m {[0m

      at Object.<anonymous> (users/users.e2e-spec.ts:50:42)

  ΓùÅ Users Fixed (e2e) ΓÇ║ Auth guard checks ΓÇ║ should return 401 
without token

    TypeError: Cannot read properties of undefined (reading 
'accessToken')

    [0m [90m 48 |[39m       })[33m;[39m
     [90m 49 |[39m
    [31m[1m>[22m[39m[90m 50 |[39m     adminToken [33m=[39m lo
ginResponse[33m.[39mbody[33m.[39mdata[33m.[39maccessToken[33m;
[39m
     [90m    |[39m                                          
[31m[1m^[22m[39m
     [90m 51 |[39m   })[33m;[39m
     [90m 52 |[39m
     [90m 53 |[39m   afterAll([36masync[39m () [33m=>[39m {[0m

      at Object.<anonymous> (users/users.e2e-spec.ts:50:42)

  ΓùÅ Users Fixed (e2e) ΓÇ║ Auth guard checks ΓÇ║ should return 403 
if not admin on admin-only route

    TypeError: Cannot read properties of undefined (reading 
'accessToken')

    [0m [90m 48 |[39m       })[33m;[39m
     [90m 49 |[39m
    [31m[1m>[22m[39m[90m 50 |[39m     adminToken [33m=[39m lo
ginResponse[33m.[39mbody[33m.[39mdata[33m.[39maccessToken[33m;
[39m
     [90m    |[39m                                          
[31m[1m^[22m[39m
     [90m 51 |[39m   })[33m;[39m
     [90m 52 |[39m
     [90m 53 |[39m   afterAll([36masync[39m () [33m=>[39m {[0m

      at Object.<anonymous> (users/users.e2e-spec.ts:50:42)

A worker process has failed to exit gracefully and has been force 
exited. This is likely caused by tests leaking due to improper 
teardown. Try running with --detectOpenHandles to find leaks. Active 
timers can also cause this, ensure that .unref() was called on them.
Test Suites: 3 failed, 1 passed, 4 total
Tests:       42 failed, 10 passed, 52 total
Snapshots:   0 total
Time:        8.061 s
Ran all test suites.
