node.exe : PASS src/modules/auth/tests/auth.servi
ce-additional.spec.ts
At line:1 char:1
+ & "C:\nvm4w\nodejs/node.exe" 
"C:\nvm4w\nodejs/node_modules/npm/bin/np ...
+ ~~~~~~~~~~~~~~~~~~~~~~~~~~~~~~~~~~~~~~~~~~~~~~~
~~~~~~~~~~~~~~~~~~~~~~
    + CategoryInfo          : NotSpecified: (PAS 
   S src/module...itional.spec.ts:String) [], R  
  emoteException
    + FullyQualifiedErrorId : NativeCommandError
 
  AuthService - Additional Tests
    login with metadata
      ΓêÜ should store device info in refresh 
token (15 ms)
      ΓêÜ should use default values if metadata 
not provided (8 ms)
    getActiveSessions
      ΓêÜ should return sessions with isCurrent 
flag (3 ms)
      ΓêÜ should return empty array if no 
sessions (3 ms)
    revokeSession
      ΓêÜ should revoke specific session (4 ms)
      ΓêÜ should throw BadRequestException if 
session not found (14 ms)
      ΓêÜ should throw BadRequestException if 
session already revoked (4 ms)
      ΓêÜ should not allow revoking other user 
sessions (2 ms)
    cleanupExpiredTokens
      ΓêÜ should return number of deleted tokens 
(2 ms)
      ΓêÜ should return 0 if no expired tokens 
(1 ms)
    token expiry calculation
      ΓêÜ should calculate correct expiry for 
days (1 ms)
      ΓêÜ should calculate correct expiry for 
hours (1 ms)
      ΓêÜ should calculate correct expiry for 
minutes (1 ms)
    error handling
      ΓêÜ should handle database errors 
gracefully (2 ms)
      ΓêÜ should handle JWT signing errors (2 ms)

Test Suites: 1 passed, 1 total
Tests:       15 passed, 15 total
Snapshots:   0 total
Time:        4.224 s
Ran all test suites matching src/modules/auth/tes
ts/auth.service-additional.spec.ts.
